################################################################
#
#     test_summary_table.txt
#
################################################################

################################################################
#
#     (1.1) The boy who was fooling her kissed the girl who loved him.
#
################################################################

################################################################
#
#     (1.2) *John killed herself.
#
################################################################

################################################################
#
#     (1.4) Some students think they are smarter than they are.
#
################################################################

################################################################
#
#     (1.6) My uncle has never ridden a camel but his brother has, although it was lame.
#
################################################################

################################################################
#
#     (1.10) I like the fresh candy better than the stale PHI.
#
################################################################

################################################################
#
#     (1.11) If John can, he will do it.
#
################################################################

################################################################
#
#     (1.12) If he can, John will do it.
#
################################################################

################################################################
#
#     (1.13) John will do it if he can.
#
################################################################

################################################################
#
#     (1.14) He will do it if John can.
#
################################################################

################################################################
#
#     (1.24) I have a cat at home, but hate it.
#
################################################################

################################################################
#
#     (1.25) I want to get a cat for myself.
#
################################################################

################################################################
#
#     (1.27) The men took off their hats.
#
################################################################

################################################################
#
#     (1.51) The man who lives next door said that he would mow my lawn.
#
################################################################

################################################################
#
#     (1.52) Somebody seduced Bill's sister, but no one will ever seduce Jack’s and she knows it.
#
################################################################

################################################################
#
#     (1.66) Realizing that he was unpopular didn't disturb Oscar.
#
################################################################

################################################################
#
#     (1.70) My neighbor who is pregnant said that she was very happy.
#
################################################################

################################################################
#
#     (1.74) The pilot who shot at it hit the Mig that chased him.
#
################################################################

################################################################
#
#     (1.86) The mosquito which bit Algernon was killed by him.
#
################################################################

################################################################
#
#     (1.87) The mosquito which bit him was killed by Algernon.
#
################################################################

################################################################
#
#     (1.88) Algernon killed the mosquito which bit him.
#
################################################################

################################################################
#
#     (1.89) He killed the mosquito which bit Algernon.
#
################################################################

################################################################
#
#     (1.91) After John Adams woke up, he was hungry.
#
################################################################

################################################################
#
#     (1.92) That Oscar was unpopular didn't disturb him.
#
################################################################

################################################################
#
#     (1.93) For your brother to refuse to pay taxes would get him into trouble.
#
################################################################

################################################################
#
#     (1.94) Anna's complaining about Peter infuriated him.
#
################################################################

################################################################
#
#     (1.95) The possibility that Fred will be unpopular doesn’t bother him.
#
################################################################

################################################################
#
#     (1.96) After he woke up, John Adams was hungry.
#
################################################################

################################################################
#
#     (1.97) That he was unpopular didn't disturb Oscar.
#
################################################################

################################################################
#
#     (1.98) For him to refuse to pay taxes would get your brother into trouble.
#
################################################################

################################################################
#
#     (1.99) Anna's complaining about him infuriated Peter.
#
################################################################

################################################################
#
#     (1.100) The possibility that he will be unpopular doesn’t bother Fred.
#
################################################################

################################################################
#
#     (1.101) John Adams was hungry after he woke up.
#
################################################################

################################################################
#
#     (1.102) Oscar wasn't disturbed that he was unpopular.
#
################################################################

################################################################
#
#     (1.103) It would get your brother into trouble for him to refuse to pay taxes.
#
################################################################

################################################################
#
#     (1.104) Peter was infuriated at Anna's complaining about him.
#
################################################################

################################################################
#
#     (1.105) Fred isn't bothered by the possibility that he will be unpopular.
#
################################################################

################################################################
#
#     (1.106) *He was hungry after John Adams woke up.
#
################################################################

################################################################
#
#     (1.107) *He wasn't disturbed that Oscar was unpopular.
#
################################################################

################################################################
#
#     (1.108) *It would get him into trouble for your brother to refuse to pay taxes.
#
################################################################

################################################################
#
#     (1.109) *He was infuriated at Anna's complaining about Peter.
#
################################################################

################################################################
#
#     (1.110) *He isn't bothered by the possibility that Fred will be unpopular.
#
################################################################

################################################################
#
#     (1.111) Penelope cursed Peter and slandered him.
#
################################################################

################################################################
#
#     (1.112) *Penelope cursed him and slandered Peter.
#
################################################################

################################################################
#
#     (1.113) The interest in visiting Las Vegas that Mary displayed is typical of gamblers.
#
################################################################

################################################################
#
#     (5.2) June hates flowers, but she waters them anyway.
#
################################################################

################################################################
#
#     (8.1) John wants to give June a present, but he isn't sure she’ll like it.
#
################################################################

################################################################
#
#     (10.1) John wants to give June a present, but he isn't sure she’ll like it.
#
################################################################

################################################################
#
#     (10.2) Janet saw herself.
#
################################################################

################################################################
#
#     (10.3) Janet saw her.
#
################################################################

################################################################
#
#     (10.4) *Janet saw himself.
#
################################################################

################################################################
#
#     (10.5) The men threw a smokescreen around themselves.
#
################################################################

################################################################
#
#     (10.6) The men found a smokescreen around them.
#
################################################################

################################################################
#
#     (10.7) The men found a smokescreen to be around them.
#
################################################################

################################################################
#
#     (10.8) The men found a smokescreen and it was around them.
#
################################################################

################################################################
#
#     (10.9) I told John to protect himself.
#
################################################################

################################################################
#
#     (10.10) I told John to protect me.
#
################################################################

################################################################
#
#     (10.11) I told John to protect myself.
#
################################################################

################################################################
#
#     (11.12) Jack's house burned down, but he rebuilt it.
#
################################################################

################################################################
#
#     (11.26) John owns some sheep and Harry vaccinates them.
#
################################################################

################################################################
#
#     (11.27) Mary danced with many boys and they found her interesting.
#
################################################################

################################################################
#
#     (11.28) John lost a pen yesterday and Bill found one today.
#
################################################################

################################################################
#
#     (11.29) John claimed to have found the solution to the problem, but Bill was sure he had found it.
#
################################################################

################################################################
#
#     (11.30) John wants to catch a fish and eat it for supper.
#
################################################################

################################################################
#
#     (11.31) No one would put the blame on himself.
#
################################################################

################################################################
#
#     (11.32) Sue told Sandy about herself.
#
################################################################

################################################################
#
#     (11.33) *Jill kept talking about himself.
#
################################################################

################################################################
#
#     (11.34) Does Jack's making a pig of himself bother Bill?
#
################################################################

################################################################
#
#     (11.35) John wants to give June a present, but he is afraid she won’t like it.
#
################################################################

################################################################
#
#     (11.36) Ernie doesn't like Bernie, because he is such an asshole.
#
################################################################

################################################################
#
#     (12.2) Mary's father killed himself.
#
################################################################

################################################################
#
#     (12.3) *Mary's father killed him.
#
################################################################

################################################################
#
#     (12.4) *Mary's father killed herself.
#
################################################################

################################################################
#
#     (12.5) Mary's father killed her.
#
################################################################

################################################################
#
#     (12.6) The father of Mary killed himself.
#
################################################################

################################################################
#
#     (12.7) *The father of Mary killed him.
#
################################################################

################################################################
#
#     (12.8) *The father of Mary killed herself.
#
################################################################

################################################################
#
#     (12.9) The father of Mary killed her.
#
################################################################

################################################################
#
#     (12.11) Mary's mother cooks only for herself.
#
################################################################

################################################################
#
#     (12.12) Mary's mother cooks only for her.
#
################################################################

################################################################
#
#     (12.13) Mary's mother cooks only for her mother.
#
################################################################

################################################################
#
#     (13.2) It was difficult to sketch myself.
#
################################################################

################################################################
#
#     (13.5a) It was difficult for me to sketch myself.
#
################################################################

################################################################
#
#     (13.6a) It was difficult for you to sketch yourself.
#
################################################################

################################################################
#
#     (13.7a) It was difficult for him to sketch himself.
#
################################################################

################################################################
#
#     (13.8a) It was difficult for her to sketch herself.
#
################################################################

################################################################
#
#     (13.9a) It was difficult for us to sketch ourselves.
#
################################################################

################################################################
#
#     (13.10a) It was difficult for you to sketch yourselves.
#
################################################################

################################################################
#
#     (13.11a) It was difficult for them to sketch themselves.
#
################################################################

################################################################
#
#     (13.5b) It was difficult to sketch myself.
#
################################################################

################################################################
#
#     (13.6b) It was difficult to sketch yourself.
#
################################################################

################################################################
#
#     (13.7b) *It was difficult to sketch himself.
#
################################################################

################################################################
#
#     (13.8b) *It was difficult to sketch herself.
#
################################################################

################################################################
#
#     (13.9b) It was difficult to sketch ourselves.
#
################################################################

################################################################
#
#     (13.10b) It was difficult to sketch yourselves.
#
################################################################

################################################################
#
#     (13.11b) *It was difficult to sketch themselves.
#
################################################################

################################################################
#
#     (13.12a) Nurse Bob Breezy gave up drawing.
#
################################################################

################################################################
#
#     (13.12b) [Bob] It was difficult to sketch himself.
#
################################################################

################################################################
#
#     (13.13a) Astronaut Linda Smith gave up drawing.
#
################################################################

################################################################
#
#     (13.13b) [Linda] It was difficult to sketch herself.
#
################################################################

################################################################
#
#     (13.14a) The bank embezzlers gave up drawing.
#
################################################################

################################################################
#
#     (13.14b) [the bank embezzlers] It was difficult to sketch themselves.
#
################################################################

################################################################
#
#     (13.15) *It was difficult to sketch himself.
#
################################################################

################################################################
#
#     (13.16) *It was difficult to sketch herself.
#
################################################################

################################################################
#
#     (13.17) *It was difficult to sketch themselves.
#
################################################################

################################################################
#
#     (13.18) [Bob] It was difficult to sketch himself.
#
################################################################

################################################################
#
#     (13.19) [Linda] It was difficult to sketch herself.
#
################################################################

################################################################
#
#     (13.20) [the bank embezzlers] It was difficult to sketch themselves.
#
################################################################

################################################################
#
#     (13.21) It was difficult to sketch myself.
#
################################################################

################################################################
#
#     (13.22) [toy] Give me that!
#
################################################################

################################################################
#
#     Summary
#
################################################################

________SUMMARY________
!             !       !
! Meaningless !    36 !
!  Meaningful !    59 !
!   Ambiguous !    14 !
!     Correct !    76 !
!       Total !   109 !
!       Score ! 69.7% !
!_____________!_______!
