
\bigbreak
\vbox{\obeylines{\texttt{
fib(5)
~~~~fib(4)
~~~~~~~~fib(3)
~~~~~~~~~~~~fib(2)
~~~~~~~~~~~~~~~~fib(1)
~~~~~~~~~~~~~~~~fib(1) = 1
~~~~~~~~~~~~~~~~fib(0)
~~~~~~~~~~~~~~~~fib(0) = 0
~~~~~~~~~~~~fib(2) = 1
~~~~~~~~~~~~fib(1)
~~~~~~~~~~~~fib(1) = 1
~~~~~~~~fib(3) = 2
~~~~~~~~fib(2)
~~~~~~~~~~~~fib(1)
~~~~~~~~~~~~fib(1) = 1
~~~~~~~~~~~~fib(0)
~~~~~~~~~~~~fib(0) = 0
~~~~~~~~fib(2) = 1
~~~~fib(4) = 3
~~~~fib(3)
~~~~~~~~fib(2)
~~~~~~~~~~~~fib(1)
~~~~~~~~~~~~fib(1) = 1
~~~~~~~~~~~~fib(0)
~~~~~~~~~~~~fib(0) = 0
~~~~~~~~fib(2) = 1
~~~~~~~~fib(1)
~~~~~~~~fib(1) = 1
~~~~fib(3) = 2
fib(5) = 5
}}}
\bigbreak
