################################################################
#
#     test_interpretations_table.txt
#
################################################################

################################################################
#
#     (1.1) The boy who was fooling her kissed the girl who loved him.
#
################################################################

______INTERPRETATIONS______
!                         !
! girlB^herA    boyB^himA !
!_________________________!

################################################################
#
#     (1.2) *John killed herself.
#
################################################################

INTERPRETATIONS
!      !
! NONE !
!______!

################################################################
#
#     (1.4) Some students think they are smarter than they are.
#
################################################################

INTERPRETATIONS
!      !
! NONE !
!______!

################################################################
#
#     (1.6) My uncle has never ridden a camel but his brother has, although it was lame.
#
################################################################

INTERPRETATIONS
!      !
! NONE !
!______!

################################################################
#
#     (1.10) I like the fresh candy better than the stale PHI.
#
################################################################

INTERPRETATIONS
!      !
! NONE !
!______!

################################################################
#
#     (1.11) If John can, he will do it.
#
################################################################

INTERPRETATIONS
!           !
! JohnB^heA !
!___________!

################################################################
#
#     (1.12) If he can, John will do it.
#
################################################################

INTERPRETATIONS
!      !
! NONE !
!______!

################################################################
#
#     (1.13) John will do it if he can.
#
################################################################

INTERPRETATIONS
!           !
! JohnB^heA !
!___________!

################################################################
#
#     (1.14) He will do it if John can.
#
################################################################

INTERPRETATIONS
!      !
! NONE !
!______!

################################################################
#
#     (1.24) I have a cat at home, but hate it.
#
################################################################

_____INTERPRETATIONS______
!                        !
! catB^PHIA    homeB^itA !
!  IB^PHIA    homeB^itA  !
!________________________!

################################################################
#
#     (1.25) I want to get a cat for myself.
#
################################################################

__INTERPRETATIONS__
!                 !
! IC^PHIB^myselfA !
!_________________!

################################################################
#
#     (1.27) The men took off their hats.
#
################################################################

INTERPRETATIONS
!             !
! menB^theirA !
!_____________!

################################################################
#
#     (1.51) The man who lives next door said that he would mow my lawn.
#
################################################################

INTERPRETATIONS
!          !
! manB^heA !
!__________!

################################################################
#
#     (1.52) Somebody seduced Bill's sister, but no one will ever seduce Jack’s and she knows it.
#
################################################################

INTERPRETATIONS
!      !
! NONE !
!______!

################################################################
#
#     (1.66) Realizing that he was unpopular didn't disturb Oscar.
#
################################################################

__INTERPRETATIONS__
!                 !
! OscarD^PHIB^heA !
!_________________!

################################################################
#
#     (1.70) My neighbor who is pregnant said that she was very happy.
#
################################################################

_INTERPRETATIONS__
!                !
! neighborB^sheA !
!________________!

################################################################
#
#     (1.74) The pilot who shot at it hit the Mig that chased him.
#
################################################################

______INTERPRETATIONS______
!                         !
! MigB^itA    pilotB^himA !
!_________________________!

################################################################
#
#     (1.86) The mosquito which bit Algernon was killed by him.
#
################################################################

_INTERPRETATIONS__
!                !
! AlgernonB^himA !
!________________!

################################################################
#
#     (1.87) The mosquito which bit him was killed by Algernon.
#
################################################################

_INTERPRETATIONS__
!                !
! mosquitoB^himA !
! AlgernonB^himA !
!________________!

################################################################
#
#     (1.88) Algernon killed the mosquito which bit him.
#
################################################################

_INTERPRETATIONS__
!                !
! AlgernonB^himA !
! mosquitoB^himA !
!________________!

################################################################
#
#     (1.89) He killed the mosquito which bit Algernon.
#
################################################################

INTERPRETATIONS
!      !
! NONE !
!______!

################################################################
#
#     (1.91) After John Adams woke up, he was hungry.
#
################################################################

INTERPRETATIONS
!           !
! JohnB^heA !
!___________!

################################################################
#
#     (1.92) That Oscar was unpopular didn't disturb him.
#
################################################################

INTERPRETATIONS
!             !
! OscarB^himA !
!_____________!

################################################################
#
#     (1.93) For your brother to refuse to pay taxes would get him into trouble.
#
################################################################

___INTERPRETATIONS____
!                    !
! brotherD^PHIB^himA !
!____________________!

################################################################
#
#     (1.94) Anna's complaining about Peter infuriated him.
#
################################################################

INTERPRETATIONS
!             !
! PeterB^himA !
!_____________!

################################################################
#
#     (1.95) The possibility that Fred will be unpopular doesn’t bother him.
#
################################################################

INTERPRETATIONS
!            !
! FredB^himA !
!____________!

################################################################
#
#     (1.96) After he woke up, John Adams was hungry.
#
################################################################

INTERPRETATIONS
!      !
! NONE !
!______!

################################################################
#
#     (1.97) That he was unpopular didn't disturb Oscar.
#
################################################################

INTERPRETATIONS
!            !
! OscarB^heA !
!____________!

################################################################
#
#     (1.98) For him to refuse to pay taxes would get your brother into trouble.
#
################################################################

INTERPRETATIONS
!      !
! NONE !
!______!

################################################################
#
#     (1.99) Anna's complaining about him infuriated Peter.
#
################################################################

INTERPRETATIONS
!             !
! PeterB^himA !
!_____________!

################################################################
#
#     (1.100) The possibility that he will be unpopular doesn’t bother Fred.
#
################################################################

INTERPRETATIONS
!           !
! FredB^heA !
!___________!

################################################################
#
#     (1.101) John Adams was hungry after he woke up.
#
################################################################

INTERPRETATIONS
!           !
! JohnB^heA !
!___________!

################################################################
#
#     (1.102) Oscar wasn't disturbed that he was unpopular.
#
################################################################

INTERPRETATIONS
!            !
! OscarB^heA !
!____________!

################################################################
#
#     (1.103) It would get your brother into trouble for him to refuse to pay taxes.
#
################################################################

_________INTERPRETATIONS__________
!                                !
! brotherC^himA    troubleB^PHIA !
!       brotherD^himB^PHIA       !
!________________________________!

################################################################
#
#     (1.104) Peter was infuriated at Anna's complaining about him.
#
################################################################

INTERPRETATIONS
!             !
! PeterB^himA !
!_____________!

################################################################
#
#     (1.105) Fred isn't bothered by the possibility that he will be unpopular.
#
################################################################

INTERPRETATIONS
!           !
! FredB^heA !
!___________!

################################################################
#
#     (1.106) *He was hungry after John Adams woke up.
#
################################################################

INTERPRETATIONS
!      !
! NONE !
!______!

################################################################
#
#     (1.107) *He wasn't disturbed that Oscar was unpopular.
#
################################################################

INTERPRETATIONS
!      !
! NONE !
!______!

################################################################
#
#     (1.108) *It would get him into trouble for your brother to refuse to pay taxes.
#
################################################################

INTERPRETATIONS
!      !
! NONE !
!______!

################################################################
#
#     (1.109) *He was infuriated at Anna's complaining about Peter.
#
################################################################

INTERPRETATIONS
!      !
! NONE !
!______!

################################################################
#
#     (1.110) *He isn't bothered by the possibility that Fred will be unpopular.
#
################################################################

INTERPRETATIONS
!      !
! NONE !
!______!

################################################################
#
#     (1.111) Penelope cursed Peter and slandered him.
#
################################################################

_________INTERPRETATIONS_________
!                               !
! PenelopeB^PHIA    PeterB^himA !
!_______________________________!

################################################################
#
#     (1.112) *Penelope cursed him and slandered Peter.
#
################################################################

INTERPRETATIONS
!      !
! NONE !
!______!

################################################################
#
#     (1.113) The interest in visiting Las Vegas that Mary displayed is typical of gamblers.
#
################################################################

____________INTERPRETATIONS____________
!                                     !
! interestC^PHI1A    Las VegasB^PHI2A !
!  interestC^PHI1A    gamblersB^PHI2A !
!        interestD^PHI1B^PHI2A        !
!    MaryB^PHI1A    interestB^PHI2A   !
!   MaryB^PHI1A    Las VegasB^PHI2A   !
!    MaryB^PHI1A    gamblersB^PHI2A   !
!          MaryC^PHI1B^PHI2A          !
!  gamblersC^PHI1A    interestB^PHI2A !
! gamblersC^PHI1A    Las VegasB^PHI2A !
!        gamblersD^PHI1B^PHI2A        !
!_____________________________________!

################################################################
#
#     (5.2) June hates flowers, but she waters them anyway.
#
################################################################

________INTERPRETATIONS_________
!                              !
! JuneB^sheA    flowersB^themA !
!______________________________!

################################################################
#
#     (8.1) John wants to give June a present, but he isn't sure she’ll like it.
#
################################################################

________________INTERPRETATIONS_________________
!                                              !
! JohnD^PHID^heA    JuneB^sheA    presentB^itA !
!______________________________________________!

################################################################
#
#     (10.1) John wants to give June a present, but he isn't sure she’ll like it.
#
################################################################

________________INTERPRETATIONS_________________
!                                              !
! JohnD^PHID^heA    JuneB^sheA    presentB^itA !
!______________________________________________!

################################################################
#
#     (10.2) Janet saw herself.
#
################################################################

__INTERPRETATIONS__
!                 !
! JanetB^herselfA !
!_________________!

################################################################
#
#     (10.3) Janet saw her.
#
################################################################

INTERPRETATIONS
!             !
! JanetB^herA !
!_____________!

################################################################
#
#     (10.4) *Janet saw himself.
#
################################################################

INTERPRETATIONS
!      !
! NONE !
!______!

################################################################
#
#     (10.5) The men threw a smokescreen around themselves.
#
################################################################

__INTERPRETATIONS___
!                  !
! menB^themselvesA !
!__________________!

################################################################
#
#     (10.6) The men found a smokescreen around them.
#
################################################################

INTERPRETATIONS
!      !
! NONE !
!______!

################################################################
#
#     (10.7) The men found a smokescreen to be around them.
#
################################################################

INTERPRETATIONS
!            !
! menB^themA !
!____________!

################################################################
#
#     (10.8) The men found a smokescreen and it was around them.
#
################################################################

_________INTERPRETATIONS__________
!                                !
! smokescreenB^itA    menB^themA !
!________________________________!

################################################################
#
#     (10.9) I told John to protect himself.
#
################################################################

____INTERPRETATIONS____
!                     !
! JohnC^PHIB^himselfA !
!_____________________!

################################################################
#
#     (10.10) I told John to protect me.
#
################################################################

____INTERPRETATIONS_____
!                      !
!      JohnB^PHIA      !
! IB^meA    JohnB^PHIA !
!       IC^PHIA        !
!______________________!

################################################################
#
#     (10.11) I told John to protect myself.
#
################################################################

__INTERPRETATIONS__
!                 !
! IC^PHIB^myselfA !
!_________________!

################################################################
#
#     (11.12) Jack's house burned down, but he rebuilt it.
#
################################################################

INTERPRETATIONS
!      !
! NONE !
!______!

################################################################
#
#     (11.26) John owns some sheep and Harry vaccinates them.
#
################################################################

INTERPRETATIONS_
!              !
! sheepB^themA !
!______________!

################################################################
#
#     (11.27) Mary danced with many boys and they found her interesting.
#
################################################################

_______INTERPRETATIONS_______
!                           !
! boysB^theyA    MaryB^herA !
!___________________________!

################################################################
#
#     (11.28) John lost a pen yesterday and Bill found one today.
#
################################################################

INTERPRETATIONS
!            !
! JohnB^oneA !
! penB^oneA  !
!____________!

################################################################
#
#     (11.29) John claimed to have found the solution to the problem, but Bill was sure he had found it.
#
################################################################

______________INTERPRETATIONS_______________
!                                          !
! JohnC^PHIA    BillB^heA    solutionB^itA !
! JohnC^PHIA    BillB^heA    problemB^itA  !
!     JohnD^PHIC^heA    solutionB^itA      !
!      JohnD^PHIC^heA    problemB^itA      !
!__________________________________________!

################################################################
#
#     (11.30) John wants to catch a fish and eat it for supper.
#
################################################################

INTERPRETATIONS
!      !
! NONE !
!______!

################################################################
#
#     (11.31) No one would put the blame on himself.
#
################################################################

INTERPRETATIONS
!      !
! NONE !
!______!

################################################################
#
#     (11.32) Sue told Sandy about herself.
#
################################################################

__INTERPRETATIONS__
!                 !
!  SueB^herselfA  !
! SandyB^herselfA !
!_________________!

################################################################
#
#     (11.33) *Jill kept talking about himself.
#
################################################################

INTERPRETATIONS
!      !
! NONE !
!______!

################################################################
#
#     (11.34) Does Jack's making a pig of himself bother Bill?
#
################################################################

_INTERPRETATIONS_
!               !
! pigB^himselfA !
!_______________!

################################################################
#
#     (11.35) John wants to give June a present, but he is afraid she won’t like it.
#
################################################################

________________INTERPRETATIONS_________________
!                                              !
! JohnD^PHID^heA    JuneB^sheA    presentB^itA !
!______________________________________________!

################################################################
#
#     (11.36) Ernie doesn't like Bernie, because he is such an asshole.
#
################################################################

INTERPRETATIONS
!             !
!  ErnieB^heA !
! BernieB^heA !
!_____________!

################################################################
#
#     (12.2) Mary's father killed himself.
#
################################################################

__INTERPRETATIONS___
!                  !
! fatherB^himselfA !
!__________________!

################################################################
#
#     (12.3) *Mary's father killed him.
#
################################################################

INTERPRETATIONS
!      !
! NONE !
!______!

################################################################
#
#     (12.4) *Mary's father killed herself.
#
################################################################

INTERPRETATIONS
!      !
! NONE !
!______!

################################################################
#
#     (12.5) Mary's father killed her.
#
################################################################

INTERPRETATIONS
!      !
! NONE !
!______!

################################################################
#
#     (12.6) The father of Mary killed himself.
#
################################################################

__INTERPRETATIONS___
!                  !
! fatherB^himselfA !
!__________________!

################################################################
#
#     (12.7) *The father of Mary killed him.
#
################################################################

INTERPRETATIONS
!      !
! NONE !
!______!

################################################################
#
#     (12.8) *The father of Mary killed herself.
#
################################################################

_INTERPRETATIONS__
!                !
! MaryB^herselfA !
!________________!

################################################################
#
#     (12.9) The father of Mary killed her.
#
################################################################

INTERPRETATIONS
!            !
! MaryB^herA !
!____________!

################################################################
#
#     (12.11) Mary's mother cooks only for herself.
#
################################################################

__INTERPRETATIONS___
!                  !
! motherB^herselfA !
!__________________!

################################################################
#
#     (12.12) Mary's mother cooks only for her.
#
################################################################

INTERPRETATIONS_
!              !
! motherB^herA !
!______________!

################################################################
#
#     (12.13) Mary's mother cooks only for her mother.
#
################################################################

_INTERPRETATIONS_
!               !
! mother1B^herA !
!_______________!

################################################################
#
#     (13.2) It was difficult to sketch myself.
#
################################################################

__INTERPRETATIONS___
!                  !
! I0C^PHIB^myselfA !
!__________________!

################################################################
#
#     (13.5a) It was difficult for me to sketch myself.
#
################################################################

__INTERPRETATIONS__
!                 !
!   meB^myselfA   !
! I0C^meB^myselfA !
!_________________!

################################################################
#
#     (13.6a) It was difficult for you to sketch yourself.
#
################################################################

____INTERPRETATIONS_____
!                      !
!    youB^yourselfA    !
! you0C^youB^yourselfA !
!______________________!

################################################################
#
#     (13.7a) It was difficult for him to sketch himself.
#
################################################################

INTERPRETATIONS
!      !
! NONE !
!______!

################################################################
#
#     (13.8a) It was difficult for her to sketch herself.
#
################################################################

INTERPRETATIONS
!      !
! NONE !
!______!

################################################################
#
#     (13.9a) It was difficult for us to sketch ourselves.
#
################################################################

_INTERPRETATIONS__
!                !
! usB^ourselvesA !
!________________!

################################################################
#
#     (13.10a) It was difficult for you to sketch yourselves.
#
################################################################

_____INTERPRETATIONS______
!                        !
!    youB^yourselvesA    !
! you0C^youB^yourselvesA !
!________________________!

################################################################
#
#     (13.11a) It was difficult for them to sketch themselves.
#
################################################################

INTERPRETATIONS
!      !
! NONE !
!______!

################################################################
#
#     (13.5b) It was difficult to sketch myself.
#
################################################################

__INTERPRETATIONS___
!                  !
! I0C^PHIB^myselfA !
!__________________!

################################################################
#
#     (13.6b) It was difficult to sketch yourself.
#
################################################################

____INTERPRETATIONS_____
!                      !
! you0C^PHIB^yourselfA !
!______________________!

################################################################
#
#     (13.7b) *It was difficult to sketch himself.
#
################################################################

INTERPRETATIONS
!      !
! NONE !
!______!

################################################################
#
#     (13.8b) *It was difficult to sketch herself.
#
################################################################

INTERPRETATIONS
!      !
! NONE !
!______!

################################################################
#
#     (13.9b) It was difficult to sketch ourselves.
#
################################################################

INTERPRETATIONS
!      !
! NONE !
!______!

################################################################
#
#     (13.10b) It was difficult to sketch yourselves.
#
################################################################

_____INTERPRETATIONS______
!                        !
! you0C^PHIB^yourselvesA !
!________________________!

################################################################
#
#     (13.11b) *It was difficult to sketch themselves.
#
################################################################

INTERPRETATIONS
!      !
! NONE !
!______!

################################################################
#
#     (13.12a) Nurse Bob Breezy gave up drawing.
#
################################################################

INTERPRETATIONS
!  !
!  !
!__!

################################################################
#
#     (13.12b) [Bob] It was difficult to sketch himself.
#
################################################################

___INTERPRETATIONS____
!                    !
! BobC^PHIB^himselfA !
!____________________!

################################################################
#
#     (13.13a) Astronaut Linda Smith gave up drawing.
#
################################################################

INTERPRETATIONS
!  !
!  !
!__!

################################################################
#
#     (13.13b) [Linda] It was difficult to sketch herself.
#
################################################################

____INTERPRETATIONS_____
!                      !
! LindaC^PHIB^herselfA !
!______________________!

################################################################
#
#     (13.14a) The bank embezzlers gave up drawing.
#
################################################################

INTERPRETATIONS
!  !
!  !
!__!

################################################################
#
#     (13.14b) [the bank embezzlers] It was difficult to sketch themselves.
#
################################################################

________INTERPRETATIONS_________
!                              !
! embezzlersC^PHIB^themselvesA !
!______________________________!

################################################################
#
#     (13.15) *It was difficult to sketch himself.
#
################################################################

INTERPRETATIONS
!      !
! NONE !
!______!

################################################################
#
#     (13.16) *It was difficult to sketch herself.
#
################################################################

INTERPRETATIONS
!      !
! NONE !
!______!

################################################################
#
#     (13.17) *It was difficult to sketch themselves.
#
################################################################

INTERPRETATIONS
!      !
! NONE !
!______!

################################################################
#
#     (13.18) [Bob] It was difficult to sketch himself.
#
################################################################

___INTERPRETATIONS____
!                    !
! BobC^PHIB^himselfA !
!____________________!

################################################################
#
#     (13.19) [Linda] It was difficult to sketch herself.
#
################################################################

____INTERPRETATIONS_____
!                      !
! LindaC^PHIB^herselfA !
!______________________!

################################################################
#
#     (13.20) [the bank embezzlers] It was difficult to sketch themselves.
#
################################################################

________INTERPRETATIONS_________
!                              !
! embezzlersC^PHIB^themselvesA !
!______________________________!

################################################################
#
#     (13.21) It was difficult to sketch myself.
#
################################################################

__INTERPRETATIONS___
!                  !
! I0C^PHIB^myselfA !
!__________________!

################################################################
#
#     (13.22) [toy] Give me that!
#
################################################################

____________INTERPRETATIONS____________
!                                     !
!       you0B^PHIA    toyB^thatA      !
! I0B^meA    you0B^PHIA    toyB^thatA !
!        I0C^PHIA    toyB^thatA       !
!_____________________________________!
