################################################################
#
#     test_doc_debug_trace_10p1.txt
#
################################################################

################################################################
#
#     (10.1) John wants to give June a present, but he isn't sure sheâ€™ll like it.
#
################################################################

_________________________NODES_________________________
!     !                                               !
!  1  ! (C, up:0, dn:2, lt:0, rt:0, th:2, nu:1)       !
!  2  ! (S, up:1, dn:3, lt:0, rt:8, th:3, nu:2)       !
!  3  ! (N, lit:John, ftr:[---+--+--], up:2, dn:0,    !
!     !  lt:0, rt:4, th:4, np:3, ch:0, co:0, ec:0,    !
!     !  pr:0, su:0, nu:3)                            !
!  4  ! (S, up:2, dn:5, lt:3, rt:0, th:5, nu:4)       !
!  5  ! (N, lit:PHI, ftr:[+??????--], up:4, dn:0,     !
!     !  lt:0, rt:6, th:6, np:5, ch:0, co:0, ec:0,    !
!     !  pr:0, su:0, nu:5)                            !
!  6  ! (N, lit:June, ftr:[---+-++--], up:4, dn:0,    !
!     !  lt:5, rt:7, th:7, np:6, ch:0, co:0, ec:0,    !
!     !  pr:0, su:0, nu:6)                            !
!  7  ! (N, lit:present, ftr:[---+-?---], up:4, dn:0, !
!     !  lt:6, rt:0, th:8, np:7, ch:0, co:0, ec:0,    !
!     !  pr:0, su:0, nu:7)                            !
!  8  ! (S, up:1, dn:9, lt:2, rt:0, th:9, nu:8)       !
!  9  ! (N, lit:he, ftr:[+--+--+--], up:8, dn:0,      !
!     !  lt:0, rt:10, th:10, np:9, ch:0, co:0, ec:0,  !
!     !  pr:0, su:0, nu:9)                            !
! 10  ! (S, up:8, dn:11, lt:9, rt:0, th:11, nu:10)    !
! 11  ! (N, lit:she, ftr:[+--+-++--], up:10, dn:0,    !
!     !  lt:0, rt:12, th:12, np:11, ch:0, co:0, ec:0, !
!     !  pr:0, su:0, nu:11)                           !
! 12  ! (N, lit:it, ftr:[+--+-?---], up:10, dn:0,     !
!     !  lt:11, rt:0, th:0, np:12, ch:0, co:0, ec:0,  !
!     !  pr:0, su:0, nu:12)                           !
!_____!_______________________________________________!

_____________________________FEATURES____________________________
!         !     !     !     !     !     !     !     !     !     !
!         ! PNF ! FPF ! SPF ! TPF ! PLF ! GNF ! ANF ! RPF ! GEN !
!    John !  -  !  -  !  -  !  +  !  -  !  -  !  +  !  -  !  -  !
!     PHI !  +  !  ?  !  ?  !  ?  !  ?  !  ?  !  ?  !  -  !  -  !
!    June !  -  !  -  !  -  !  +  !  -  !  +  !  +  !  -  !  -  !
! present !  -  !  -  !  -  !  +  !  -  !  ?  !  -  !  -  !  -  !
!      he !  +  !  -  !  -  !  +  !  -  !  -  !  +  !  -  !  -  !
!     she !  +  !  -  !  -  !  +  !  -  !  +  !  +  !  -  !  -  !
!      it !  +  !  -  !  -  !  +  !  -  !  ?  !  -  !  -  !  -  !
!_________!_____!_____!_____!_____!_____!_____!_____!_____!_____!

chaining
    init_table

_______________________CHAINING_______________________
!       !      !       !          !     !      !     !
! John  ! PHI  ! June  ! present  ! he  ! she  ! it  !
! JohnA ! PHIA ! JuneA ! presentA ! heA ! sheA ! itA !
!_______!______!_______!__________!_____!______!_____!

___________________________NODES___________________________
!     !                                                   !
!  1  ! (C, up:0, dn:2, lt:0, rt:0, th:2, nu:1)           !
!  2  ! (S, up:1, dn:3, lt:0, rt:8, th:3, nu:2)           !
!  3  ! (N, lit:John, ftr:[---+--+--], up:2, dn:0,        !
!     !  lt:0, rt:4, th:4, np:3, ch:0, co:3A, ec:3A,      !
!     !  pr:0, su:5, nu:3)                                !
!  3A ! (E, sub:A, ftr:[---+--+--], np:3, ch:0, co:0)     !
!  4  ! (S, up:2, dn:5, lt:3, rt:0, th:5, nu:4)           !
!  5  ! (N, lit:PHI, ftr:[+??????--], up:4, dn:0,         !
!     !  lt:0, rt:6, th:6, np:5, ch:0, co:5A, ec:5A,      !
!     !  pr:3, su:6, nu:5)                                !
!  5A ! (E, sub:A, ftr:[+??????--], np:5, ch:0, co:0)     !
!  6  ! (N, lit:June, ftr:[---+-++--], up:4, dn:0,        !
!     !  lt:5, rt:7, th:7, np:6, ch:0, co:6A, ec:6A,      !
!     !  pr:5, su:7, nu:6)                                !
!  6A ! (E, sub:A, ftr:[---+-++--], np:6, ch:0, co:0)     !
!  7  ! (N, lit:present, ftr:[---+-?---], up:4, dn:0,     !
!     !  lt:6, rt:0, th:8, np:7, ch:0, co:7A, ec:7A,      !
!     !  pr:6, su:9, nu:7)                                !
!  7A ! (E, sub:A, ftr:[---+-?---], np:7, ch:0, co:0)     !
!  8  ! (S, up:1, dn:9, lt:2, rt:0, th:9, nu:8)           !
!  9  ! (N, lit:he, ftr:[+--+--+--], up:8, dn:0,          !
!     !  lt:0, rt:10, th:10, np:9, ch:0, co:9A, ec:9A,    !
!     !  pr:7, su:11, nu:9)                               !
!  9A ! (E, sub:A, ftr:[+--+--+--], np:9, ch:0, co:0)     !
! 10  ! (S, up:8, dn:11, lt:9, rt:0, th:11, nu:10)        !
! 11  ! (N, lit:she, ftr:[+--+-++--], up:10, dn:0,        !
!     !  lt:0, rt:12, th:12, np:11, ch:0, co:11A, ec:11A, !
!     !  pr:9, su:12, nu:11)                              !
! 11A ! (E, sub:A, ftr:[+--+-++--], np:11, ch:0, co:0)    !
! 12  ! (N, lit:it, ftr:[+--+-?---], up:10, dn:0,         !
!     !  lt:11, rt:0, th:0, np:12, ch:0, co:12A, ec:12A,  !
!     !  pr:11, su:0, nu:12)                              !
! 12A ! (E, sub:A, ftr:[+--+-?---], np:12, ch:0, co:0)    !
!_____!___________________________________________________!

    init_table: exiting
    chaining_n(it)
        non_refl_chaining(it)
            chaining_n_to_n(it, she)
                sc(it, she) = True
                agr(it, she) = False
            chaining_n_to_n: exiting
            chaining_n_to_n(it, he)
                sc(it, he) = True
                agr(it, he) = False
            chaining_n_to_n: exiting
            chaining_n_to_n(it, present)
                sc(it, present) = True
                agr(it, present) = True
                rnr(it, present) = True
                chaining_e_to_n(itA, present)
                    agr(itA, present) = True
                    new_chain(itA, present)
                        new_chain: create presentB
                        new_chain: create presentB^itA

_________________________CHAINING_________________________
!       !      !       !              !     !      !     !
! John  ! PHI  ! June  ! present      ! he  ! she  ! it  !
! JohnA ! PHIA ! JuneA ! presentA     ! heA ! sheA ! itA !
!       !      !       ! presentB^itA !     !      !     !
!_______!______!_______!______________!_____!______!_____!

___________________________NODES___________________________
!     !                                                   !
!  1  ! (C, up:0, dn:2, lt:0, rt:0, th:2, nu:1)           !
!  2  ! (S, up:1, dn:3, lt:0, rt:8, th:3, nu:2)           !
!  3  ! (N, lit:John, ftr:[---+--+--], up:2, dn:0,        !
!     !  lt:0, rt:4, th:4, np:3, ch:0, co:3A, ec:3A,      !
!     !  pr:0, su:5, nu:3)                                !
!  3A ! (E, sub:A, ftr:[---+--+--], np:3, ch:0, co:0)     !
!  4  ! (S, up:2, dn:5, lt:3, rt:0, th:5, nu:4)           !
!  5  ! (N, lit:PHI, ftr:[+??????--], up:4, dn:0,         !
!     !  lt:0, rt:6, th:6, np:5, ch:0, co:5A, ec:5A,      !
!     !  pr:3, su:6, nu:5)                                !
!  5A ! (E, sub:A, ftr:[+??????--], np:5, ch:0, co:0)     !
!  6  ! (N, lit:June, ftr:[---+-++--], up:4, dn:0,        !
!     !  lt:5, rt:7, th:7, np:6, ch:0, co:6A, ec:6A,      !
!     !  pr:5, su:7, nu:6)                                !
!  6A ! (E, sub:A, ftr:[---+-++--], np:6, ch:0, co:0)     !
!  7  ! (N, lit:present, ftr:[---+-?---], up:4, dn:0,     !
!     !  lt:6, rt:0, th:8, np:7, ch:0, co:7A, ec:7B,      !
!     !  pr:6, su:9, nu:7)                                !
!  7A ! (E, sub:A, ftr:[---+-?---], np:7, ch:0, co:7B)    !
!  7B ! (E, sub:B, ftr:[---+-?---], np:7, ch:12A, co:0)   !
!  8  ! (S, up:1, dn:9, lt:2, rt:0, th:9, nu:8)           !
!  9  ! (N, lit:he, ftr:[+--+--+--], up:8, dn:0,          !
!     !  lt:0, rt:10, th:10, np:9, ch:0, co:9A, ec:9A,    !
!     !  pr:7, su:11, nu:9)                               !
!  9A ! (E, sub:A, ftr:[+--+--+--], np:9, ch:0, co:0)     !
! 10  ! (S, up:8, dn:11, lt:9, rt:0, th:11, nu:10)        !
! 11  ! (N, lit:she, ftr:[+--+-++--], up:10, dn:0,        !
!     !  lt:0, rt:12, th:12, np:11, ch:0, co:11A, ec:11A, !
!     !  pr:9, su:12, nu:11)                              !
! 11A ! (E, sub:A, ftr:[+--+-++--], np:11, ch:0, co:0)    !
! 12  ! (N, lit:it, ftr:[+--+-?---], up:10, dn:0,         !
!     !  lt:11, rt:0, th:0, np:12, ch:0, co:12A, ec:12A,  !
!     !  pr:11, su:0, nu:12)                              !
! 12A ! (E, sub:A, ftr:[+--+-?---], np:12, ch:0, co:0)    !
!_____!___________________________________________________!

                    new_chain: exiting
                chaining_e_to_n: exiting
            chaining_n_to_n: exiting
            chaining_n_to_n(it, June)
                sc(it, June) = True
                agr(it, June) = False
            chaining_n_to_n: exiting
            chaining_n_to_n(it, PHI)
                sc(it, PHI) = True
                agr(it, PHI) = True
                rnr(it, PHI) = True
                chaining_e_to_n(itA, PHI)
                    agr(itA, PHI) = True
                    new_chain(itA, PHI)
                        new_chain: create PHIB
                        new_chain: create PHIB^itA

___________________________CHAINING___________________________
!       !          !       !              !     !      !     !
! John  ! PHI      ! June  ! present      ! he  ! she  ! it  !
! JohnA ! PHIA     ! JuneA ! presentA     ! heA ! sheA ! itA !
!       ! PHIB^itA !       ! presentB^itA !     !      !     !
!_______!__________!_______!______________!_____!______!_____!

___________________________NODES___________________________
!     !                                                   !
!  1  ! (C, up:0, dn:2, lt:0, rt:0, th:2, nu:1)           !
!  2  ! (S, up:1, dn:3, lt:0, rt:8, th:3, nu:2)           !
!  3  ! (N, lit:John, ftr:[---+--+--], up:2, dn:0,        !
!     !  lt:0, rt:4, th:4, np:3, ch:0, co:3A, ec:3A,      !
!     !  pr:0, su:5, nu:3)                                !
!  3A ! (E, sub:A, ftr:[---+--+--], np:3, ch:0, co:0)     !
!  4  ! (S, up:2, dn:5, lt:3, rt:0, th:5, nu:4)           !
!  5  ! (N, lit:PHI, ftr:[+??????--], up:4, dn:0,         !
!     !  lt:0, rt:6, th:6, np:5, ch:0, co:5A, ec:5B,      !
!     !  pr:3, su:6, nu:5)                                !
!  5A ! (E, sub:A, ftr:[+??????--], np:5, ch:0, co:5B)    !
!  5B ! (E, sub:B, ftr:[+--+-?---], np:5, ch:12A, co:0)   !
!  6  ! (N, lit:June, ftr:[---+-++--], up:4, dn:0,        !
!     !  lt:5, rt:7, th:7, np:6, ch:0, co:6A, ec:6A,      !
!     !  pr:5, su:7, nu:6)                                !
!  6A ! (E, sub:A, ftr:[---+-++--], np:6, ch:0, co:0)     !
!  7  ! (N, lit:present, ftr:[---+-?---], up:4, dn:0,     !
!     !  lt:6, rt:0, th:8, np:7, ch:0, co:7A, ec:7B,      !
!     !  pr:6, su:9, nu:7)                                !
!  7A ! (E, sub:A, ftr:[---+-?---], np:7, ch:0, co:7B)    !
!  7B ! (E, sub:B, ftr:[---+-?---], np:7, ch:12A, co:0)   !
!  8  ! (S, up:1, dn:9, lt:2, rt:0, th:9, nu:8)           !
!  9  ! (N, lit:he, ftr:[+--+--+--], up:8, dn:0,          !
!     !  lt:0, rt:10, th:10, np:9, ch:0, co:9A, ec:9A,    !
!     !  pr:7, su:11, nu:9)                               !
!  9A ! (E, sub:A, ftr:[+--+--+--], np:9, ch:0, co:0)     !
! 10  ! (S, up:8, dn:11, lt:9, rt:0, th:11, nu:10)        !
! 11  ! (N, lit:she, ftr:[+--+-++--], up:10, dn:0,        !
!     !  lt:0, rt:12, th:12, np:11, ch:0, co:11A, ec:11A, !
!     !  pr:9, su:12, nu:11)                              !
! 11A ! (E, sub:A, ftr:[+--+-++--], np:11, ch:0, co:0)    !
! 12  ! (N, lit:it, ftr:[+--+-?---], up:10, dn:0,         !
!     !  lt:11, rt:0, th:0, np:12, ch:0, co:12A, ec:12A,  !
!     !  pr:11, su:0, nu:12)                              !
! 12A ! (E, sub:A, ftr:[+--+-?---], np:12, ch:0, co:0)    !
!_____!___________________________________________________!

                    new_chain: exiting
                chaining_e_to_n: exiting
            chaining_n_to_n: exiting
            chaining_n_to_n(it, John)
                sc(it, John) = True
                agr(it, John) = False
            chaining_n_to_n: exiting
        non_refl_chaining: exiting
    chaining_n: exiting
    chaining_n(she)
        non_refl_chaining(she)
            chaining_n_to_n(she, it)
                sc(she, it) = False
            chaining_n_to_n: exiting
            chaining_n_to_n(she, he)
                sc(she, he) = True
                agr(she, he) = False
            chaining_n_to_n: exiting
            chaining_n_to_n(she, present)
                sc(she, present) = True
                agr(she, present) = False
            chaining_n_to_n: exiting
            chaining_n_to_n(she, June)
                sc(she, June) = True
                agr(she, June) = True
                rnr(she, June) = True
                chaining_e_to_n(sheA, June)
                    agr(sheA, June) = True
                    new_chain(sheA, June)
                        new_chain: create JuneB
                        new_chain: create JuneB^sheA

______________________________CHAINING_____________________________
!       !          !            !              !     !      !     !
! John  ! PHI      ! June       ! present      ! he  ! she  ! it  !
! JohnA ! PHIA     ! JuneA      ! presentA     ! heA ! sheA ! itA !
!       ! PHIB^itA ! JuneB^sheA ! presentB^itA !     !      !     !
!_______!__________!____________!______________!_____!______!_____!

___________________________NODES___________________________
!     !                                                   !
!  1  ! (C, up:0, dn:2, lt:0, rt:0, th:2, nu:1)           !
!  2  ! (S, up:1, dn:3, lt:0, rt:8, th:3, nu:2)           !
!  3  ! (N, lit:John, ftr:[---+--+--], up:2, dn:0,        !
!     !  lt:0, rt:4, th:4, np:3, ch:0, co:3A, ec:3A,      !
!     !  pr:0, su:5, nu:3)                                !
!  3A ! (E, sub:A, ftr:[---+--+--], np:3, ch:0, co:0)     !
!  4  ! (S, up:2, dn:5, lt:3, rt:0, th:5, nu:4)           !
!  5  ! (N, lit:PHI, ftr:[+??????--], up:4, dn:0,         !
!     !  lt:0, rt:6, th:6, np:5, ch:0, co:5A, ec:5B,      !
!     !  pr:3, su:6, nu:5)                                !
!  5A ! (E, sub:A, ftr:[+??????--], np:5, ch:0, co:5B)    !
!  5B ! (E, sub:B, ftr:[+--+-?---], np:5, ch:12A, co:0)   !
!  6  ! (N, lit:June, ftr:[---+-++--], up:4, dn:0,        !
!     !  lt:5, rt:7, th:7, np:6, ch:0, co:6A, ec:6B,      !
!     !  pr:5, su:7, nu:6)                                !
!  6A ! (E, sub:A, ftr:[---+-++--], np:6, ch:0, co:6B)    !
!  6B ! (E, sub:B, ftr:[---+-++--], np:6, ch:11A, co:0)   !
!  7  ! (N, lit:present, ftr:[---+-?---], up:4, dn:0,     !
!     !  lt:6, rt:0, th:8, np:7, ch:0, co:7A, ec:7B,      !
!     !  pr:6, su:9, nu:7)                                !
!  7A ! (E, sub:A, ftr:[---+-?---], np:7, ch:0, co:7B)    !
!  7B ! (E, sub:B, ftr:[---+-?---], np:7, ch:12A, co:0)   !
!  8  ! (S, up:1, dn:9, lt:2, rt:0, th:9, nu:8)           !
!  9  ! (N, lit:he, ftr:[+--+--+--], up:8, dn:0,          !
!     !  lt:0, rt:10, th:10, np:9, ch:0, co:9A, ec:9A,    !
!     !  pr:7, su:11, nu:9)                               !
!  9A ! (E, sub:A, ftr:[+--+--+--], np:9, ch:0, co:0)     !
! 10  ! (S, up:8, dn:11, lt:9, rt:0, th:11, nu:10)        !
! 11  ! (N, lit:she, ftr:[+--+-++--], up:10, dn:0,        !
!     !  lt:0, rt:12, th:12, np:11, ch:0, co:11A, ec:11A, !
!     !  pr:9, su:12, nu:11)                              !
! 11A ! (E, sub:A, ftr:[+--+-++--], np:11, ch:0, co:0)    !
! 12  ! (N, lit:it, ftr:[+--+-?---], up:10, dn:0,         !
!     !  lt:11, rt:0, th:0, np:12, ch:0, co:12A, ec:12A,  !
!     !  pr:11, su:0, nu:12)                              !
! 12A ! (E, sub:A, ftr:[+--+-?---], np:12, ch:0, co:0)    !
!_____!___________________________________________________!

                    new_chain: exiting
                chaining_e_to_n: exiting
            chaining_n_to_n: exiting
            chaining_n_to_n(she, PHI)
                sc(she, PHI) = True
                agr(she, PHI) = True
                rnr(she, PHI) = True
                chaining_e_to_n(sheA, PHI)
                    agr(sheA, PHI) = True
                    new_chain(sheA, PHI)
                        new_chain: create PHIC
                        new_chain: create PHIC^sheA

______________________________CHAINING______________________________
!       !           !            !              !     !      !     !
! John  ! PHI       ! June       ! present      ! he  ! she  ! it  !
! JohnA ! PHIA      ! JuneA      ! presentA     ! heA ! sheA ! itA !
!       ! PHIB^itA  ! JuneB^sheA ! presentB^itA !     !      !     !
!       ! PHIC^sheA !            !              !     !      !     !
!_______!___________!____________!______________!_____!______!_____!

___________________________NODES___________________________
!     !                                                   !
!  1  ! (C, up:0, dn:2, lt:0, rt:0, th:2, nu:1)           !
!  2  ! (S, up:1, dn:3, lt:0, rt:8, th:3, nu:2)           !
!  3  ! (N, lit:John, ftr:[---+--+--], up:2, dn:0,        !
!     !  lt:0, rt:4, th:4, np:3, ch:0, co:3A, ec:3A,      !
!     !  pr:0, su:5, nu:3)                                !
!  3A ! (E, sub:A, ftr:[---+--+--], np:3, ch:0, co:0)     !
!  4  ! (S, up:2, dn:5, lt:3, rt:0, th:5, nu:4)           !
!  5  ! (N, lit:PHI, ftr:[+??????--], up:4, dn:0,         !
!     !  lt:0, rt:6, th:6, np:5, ch:0, co:5A, ec:5C,      !
!     !  pr:3, su:6, nu:5)                                !
!  5A ! (E, sub:A, ftr:[+??????--], np:5, ch:0, co:5B)    !
!  5B ! (E, sub:B, ftr:[+--+-?---], np:5, ch:12A, co:5C)  !
!  5C ! (E, sub:C, ftr:[+--+-++--], np:5, ch:11A, co:0)   !
!  6  ! (N, lit:June, ftr:[---+-++--], up:4, dn:0,        !
!     !  lt:5, rt:7, th:7, np:6, ch:0, co:6A, ec:6B,      !
!     !  pr:5, su:7, nu:6)                                !
!  6A ! (E, sub:A, ftr:[---+-++--], np:6, ch:0, co:6B)    !
!  6B ! (E, sub:B, ftr:[---+-++--], np:6, ch:11A, co:0)   !
!  7  ! (N, lit:present, ftr:[---+-?---], up:4, dn:0,     !
!     !  lt:6, rt:0, th:8, np:7, ch:0, co:7A, ec:7B,      !
!     !  pr:6, su:9, nu:7)                                !
!  7A ! (E, sub:A, ftr:[---+-?---], np:7, ch:0, co:7B)    !
!  7B ! (E, sub:B, ftr:[---+-?---], np:7, ch:12A, co:0)   !
!  8  ! (S, up:1, dn:9, lt:2, rt:0, th:9, nu:8)           !
!  9  ! (N, lit:he, ftr:[+--+--+--], up:8, dn:0,          !
!     !  lt:0, rt:10, th:10, np:9, ch:0, co:9A, ec:9A,    !
!     !  pr:7, su:11, nu:9)                               !
!  9A ! (E, sub:A, ftr:[+--+--+--], np:9, ch:0, co:0)     !
! 10  ! (S, up:8, dn:11, lt:9, rt:0, th:11, nu:10)        !
! 11  ! (N, lit:she, ftr:[+--+-++--], up:10, dn:0,        !
!     !  lt:0, rt:12, th:12, np:11, ch:0, co:11A, ec:11A, !
!     !  pr:9, su:12, nu:11)                              !
! 11A ! (E, sub:A, ftr:[+--+-++--], np:11, ch:0, co:0)    !
! 12  ! (N, lit:it, ftr:[+--+-?---], up:10, dn:0,         !
!     !  lt:11, rt:0, th:0, np:12, ch:0, co:12A, ec:12A,  !
!     !  pr:11, su:0, nu:12)                              !
! 12A ! (E, sub:A, ftr:[+--+-?---], np:12, ch:0, co:0)    !
!_____!___________________________________________________!

                    new_chain: exiting
                chaining_e_to_n: exiting
            chaining_n_to_n: exiting
            chaining_n_to_n(she, John)
                sc(she, John) = True
                agr(she, John) = False
            chaining_n_to_n: exiting
        non_refl_chaining: exiting
    chaining_n: exiting
    chaining_n(he)
        non_refl_chaining(he)
            chaining_n_to_n(he, it)
                sc(he, it) = False
            chaining_n_to_n: exiting
            chaining_n_to_n(he, she)
                sc(he, she) = False
            chaining_n_to_n: exiting
            chaining_n_to_n(he, present)
                sc(he, present) = True
                agr(he, present) = False
            chaining_n_to_n: exiting
            chaining_n_to_n(he, June)
                sc(he, June) = True
                agr(he, June) = False
            chaining_n_to_n: exiting
            chaining_n_to_n(he, PHI)
                sc(he, PHI) = True
                agr(he, PHI) = True
                rnr(he, PHI) = True
                chaining_e_to_n(heA, PHI)
                    agr(heA, PHI) = True
                    new_chain(heA, PHI)
                        new_chain: create PHID
                        new_chain: create PHID^heA

______________________________CHAINING______________________________
!       !           !            !              !     !      !     !
! John  ! PHI       ! June       ! present      ! he  ! she  ! it  !
! JohnA ! PHIA      ! JuneA      ! presentA     ! heA ! sheA ! itA !
!       ! PHIB^itA  ! JuneB^sheA ! presentB^itA !     !      !     !
!       ! PHIC^sheA !            !              !     !      !     !
!       ! PHID^heA  !            !              !     !      !     !
!_______!___________!____________!______________!_____!______!_____!

___________________________NODES___________________________
!     !                                                   !
!  1  ! (C, up:0, dn:2, lt:0, rt:0, th:2, nu:1)           !
!  2  ! (S, up:1, dn:3, lt:0, rt:8, th:3, nu:2)           !
!  3  ! (N, lit:John, ftr:[---+--+--], up:2, dn:0,        !
!     !  lt:0, rt:4, th:4, np:3, ch:0, co:3A, ec:3A,      !
!     !  pr:0, su:5, nu:3)                                !
!  3A ! (E, sub:A, ftr:[---+--+--], np:3, ch:0, co:0)     !
!  4  ! (S, up:2, dn:5, lt:3, rt:0, th:5, nu:4)           !
!  5  ! (N, lit:PHI, ftr:[+??????--], up:4, dn:0,         !
!     !  lt:0, rt:6, th:6, np:5, ch:0, co:5A, ec:5D,      !
!     !  pr:3, su:6, nu:5)                                !
!  5A ! (E, sub:A, ftr:[+??????--], np:5, ch:0, co:5B)    !
!  5B ! (E, sub:B, ftr:[+--+-?---], np:5, ch:12A, co:5C)  !
!  5C ! (E, sub:C, ftr:[+--+-++--], np:5, ch:11A, co:5D)  !
!  5D ! (E, sub:D, ftr:[+--+--+--], np:5, ch:9A, co:0)    !
!  6  ! (N, lit:June, ftr:[---+-++--], up:4, dn:0,        !
!     !  lt:5, rt:7, th:7, np:6, ch:0, co:6A, ec:6B,      !
!     !  pr:5, su:7, nu:6)                                !
!  6A ! (E, sub:A, ftr:[---+-++--], np:6, ch:0, co:6B)    !
!  6B ! (E, sub:B, ftr:[---+-++--], np:6, ch:11A, co:0)   !
!  7  ! (N, lit:present, ftr:[---+-?---], up:4, dn:0,     !
!     !  lt:6, rt:0, th:8, np:7, ch:0, co:7A, ec:7B,      !
!     !  pr:6, su:9, nu:7)                                !
!  7A ! (E, sub:A, ftr:[---+-?---], np:7, ch:0, co:7B)    !
!  7B ! (E, sub:B, ftr:[---+-?---], np:7, ch:12A, co:0)   !
!  8  ! (S, up:1, dn:9, lt:2, rt:0, th:9, nu:8)           !
!  9  ! (N, lit:he, ftr:[+--+--+--], up:8, dn:0,          !
!     !  lt:0, rt:10, th:10, np:9, ch:0, co:9A, ec:9A,    !
!     !  pr:7, su:11, nu:9)                               !
!  9A ! (E, sub:A, ftr:[+--+--+--], np:9, ch:0, co:0)     !
! 10  ! (S, up:8, dn:11, lt:9, rt:0, th:11, nu:10)        !
! 11  ! (N, lit:she, ftr:[+--+-++--], up:10, dn:0,        !
!     !  lt:0, rt:12, th:12, np:11, ch:0, co:11A, ec:11A, !
!     !  pr:9, su:12, nu:11)                              !
! 11A ! (E, sub:A, ftr:[+--+-++--], np:11, ch:0, co:0)    !
! 12  ! (N, lit:it, ftr:[+--+-?---], up:10, dn:0,         !
!     !  lt:11, rt:0, th:0, np:12, ch:0, co:12A, ec:12A,  !
!     !  pr:11, su:0, nu:12)                              !
! 12A ! (E, sub:A, ftr:[+--+-?---], np:12, ch:0, co:0)    !
!_____!___________________________________________________!

                    new_chain: exiting
                chaining_e_to_n: exiting
            chaining_n_to_n: exiting
            chaining_n_to_n(he, John)
                sc(he, John) = True
                agr(he, John) = True
                rnr(he, John) = True
                chaining_e_to_n(heA, John)
                    agr(heA, John) = True
                    new_chain(heA, John)
                        new_chain: create JohnB
                        new_chain: create JohnB^heA

________________________________CHAINING________________________________
!           !           !            !              !     !      !     !
! John      ! PHI       ! June       ! present      ! he  ! she  ! it  !
! JohnA     ! PHIA      ! JuneA      ! presentA     ! heA ! sheA ! itA !
! JohnB^heA ! PHIB^itA  ! JuneB^sheA ! presentB^itA !     !      !     !
!           ! PHIC^sheA !            !              !     !      !     !
!           ! PHID^heA  !            !              !     !      !     !
!___________!___________!____________!______________!_____!______!_____!

___________________________NODES___________________________
!     !                                                   !
!  1  ! (C, up:0, dn:2, lt:0, rt:0, th:2, nu:1)           !
!  2  ! (S, up:1, dn:3, lt:0, rt:8, th:3, nu:2)           !
!  3  ! (N, lit:John, ftr:[---+--+--], up:2, dn:0,        !
!     !  lt:0, rt:4, th:4, np:3, ch:0, co:3A, ec:3B,      !
!     !  pr:0, su:5, nu:3)                                !
!  3A ! (E, sub:A, ftr:[---+--+--], np:3, ch:0, co:3B)    !
!  3B ! (E, sub:B, ftr:[---+--+--], np:3, ch:9A, co:0)    !
!  4  ! (S, up:2, dn:5, lt:3, rt:0, th:5, nu:4)           !
!  5  ! (N, lit:PHI, ftr:[+??????--], up:4, dn:0,         !
!     !  lt:0, rt:6, th:6, np:5, ch:0, co:5A, ec:5D,      !
!     !  pr:3, su:6, nu:5)                                !
!  5A ! (E, sub:A, ftr:[+??????--], np:5, ch:0, co:5B)    !
!  5B ! (E, sub:B, ftr:[+--+-?---], np:5, ch:12A, co:5C)  !
!  5C ! (E, sub:C, ftr:[+--+-++--], np:5, ch:11A, co:5D)  !
!  5D ! (E, sub:D, ftr:[+--+--+--], np:5, ch:9A, co:0)    !
!  6  ! (N, lit:June, ftr:[---+-++--], up:4, dn:0,        !
!     !  lt:5, rt:7, th:7, np:6, ch:0, co:6A, ec:6B,      !
!     !  pr:5, su:7, nu:6)                                !
!  6A ! (E, sub:A, ftr:[---+-++--], np:6, ch:0, co:6B)    !
!  6B ! (E, sub:B, ftr:[---+-++--], np:6, ch:11A, co:0)   !
!  7  ! (N, lit:present, ftr:[---+-?---], up:4, dn:0,     !
!     !  lt:6, rt:0, th:8, np:7, ch:0, co:7A, ec:7B,      !
!     !  pr:6, su:9, nu:7)                                !
!  7A ! (E, sub:A, ftr:[---+-?---], np:7, ch:0, co:7B)    !
!  7B ! (E, sub:B, ftr:[---+-?---], np:7, ch:12A, co:0)   !
!  8  ! (S, up:1, dn:9, lt:2, rt:0, th:9, nu:8)           !
!  9  ! (N, lit:he, ftr:[+--+--+--], up:8, dn:0,          !
!     !  lt:0, rt:10, th:10, np:9, ch:0, co:9A, ec:9A,    !
!     !  pr:7, su:11, nu:9)                               !
!  9A ! (E, sub:A, ftr:[+--+--+--], np:9, ch:0, co:0)     !
! 10  ! (S, up:8, dn:11, lt:9, rt:0, th:11, nu:10)        !
! 11  ! (N, lit:she, ftr:[+--+-++--], up:10, dn:0,        !
!     !  lt:0, rt:12, th:12, np:11, ch:0, co:11A, ec:11A, !
!     !  pr:9, su:12, nu:11)                              !
! 11A ! (E, sub:A, ftr:[+--+-++--], np:11, ch:0, co:0)    !
! 12  ! (N, lit:it, ftr:[+--+-?---], up:10, dn:0,         !
!     !  lt:11, rt:0, th:0, np:12, ch:0, co:12A, ec:12A,  !
!     !  pr:11, su:0, nu:12)                              !
! 12A ! (E, sub:A, ftr:[+--+-?---], np:12, ch:0, co:0)    !
!_____!___________________________________________________!

                    new_chain: exiting
                chaining_e_to_n: exiting
            chaining_n_to_n: exiting
        non_refl_chaining: exiting
    chaining_n: exiting
    chaining_n(PHI)
        non_refl_chaining(PHI)
            chaining_n_to_n(PHI, it)
                sc(PHI, it) = False
            chaining_n_to_n: exiting
            chaining_n_to_n(PHI, she)
                sc(PHI, she) = False
            chaining_n_to_n: exiting
            chaining_n_to_n(PHI, he)
                sc(PHI, he) = False
            chaining_n_to_n: exiting
            chaining_n_to_n(PHI, present)
                sc(PHI, present) = False
            chaining_n_to_n: exiting
            chaining_n_to_n(PHI, June)
                sc(PHI, June) = False
            chaining_n_to_n: exiting
            chaining_n_to_n(PHI, John)
                sc(PHI, John) = True
                agr(PHI, John) = True
                rnr(PHI, John) = True
                chaining_e_to_n(PHIA, John)
                    agr(PHIA, John) = True
                    new_chain(PHIA, John)
                        new_chain: create JohnC
                        new_chain: create JohnC^PHIA

_________________________________CHAINING________________________________
!            !           !            !              !     !      !     !
! John       ! PHI       ! June       ! present      ! he  ! she  ! it  !
! JohnA      ! PHIA      ! JuneA      ! presentA     ! heA ! sheA ! itA !
! JohnB^heA  ! PHIB^itA  ! JuneB^sheA ! presentB^itA !     !      !     !
! JohnC^PHIA ! PHIC^sheA !            !              !     !      !     !
!            ! PHID^heA  !            !              !     !      !     !
!____________!___________!____________!______________!_____!______!_____!

___________________________NODES___________________________
!     !                                                   !
!  1  ! (C, up:0, dn:2, lt:0, rt:0, th:2, nu:1)           !
!  2  ! (S, up:1, dn:3, lt:0, rt:8, th:3, nu:2)           !
!  3  ! (N, lit:John, ftr:[---+--+--], up:2, dn:0,        !
!     !  lt:0, rt:4, th:4, np:3, ch:0, co:3A, ec:3C,      !
!     !  pr:0, su:5, nu:3)                                !
!  3A ! (E, sub:A, ftr:[---+--+--], np:3, ch:0, co:3B)    !
!  3B ! (E, sub:B, ftr:[---+--+--], np:3, ch:9A, co:3C)   !
!  3C ! (E, sub:C, ftr:[---+--+--], np:3, ch:5A, co:0)    !
!  4  ! (S, up:2, dn:5, lt:3, rt:0, th:5, nu:4)           !
!  5  ! (N, lit:PHI, ftr:[+??????--], up:4, dn:0,         !
!     !  lt:0, rt:6, th:6, np:5, ch:0, co:5A, ec:5D,      !
!     !  pr:3, su:6, nu:5)                                !
!  5A ! (E, sub:A, ftr:[+??????--], np:5, ch:0, co:5B)    !
!  5B ! (E, sub:B, ftr:[+--+-?---], np:5, ch:12A, co:5C)  !
!  5C ! (E, sub:C, ftr:[+--+-++--], np:5, ch:11A, co:5D)  !
!  5D ! (E, sub:D, ftr:[+--+--+--], np:5, ch:9A, co:0)    !
!  6  ! (N, lit:June, ftr:[---+-++--], up:4, dn:0,        !
!     !  lt:5, rt:7, th:7, np:6, ch:0, co:6A, ec:6B,      !
!     !  pr:5, su:7, nu:6)                                !
!  6A ! (E, sub:A, ftr:[---+-++--], np:6, ch:0, co:6B)    !
!  6B ! (E, sub:B, ftr:[---+-++--], np:6, ch:11A, co:0)   !
!  7  ! (N, lit:present, ftr:[---+-?---], up:4, dn:0,     !
!     !  lt:6, rt:0, th:8, np:7, ch:0, co:7A, ec:7B,      !
!     !  pr:6, su:9, nu:7)                                !
!  7A ! (E, sub:A, ftr:[---+-?---], np:7, ch:0, co:7B)    !
!  7B ! (E, sub:B, ftr:[---+-?---], np:7, ch:12A, co:0)   !
!  8  ! (S, up:1, dn:9, lt:2, rt:0, th:9, nu:8)           !
!  9  ! (N, lit:he, ftr:[+--+--+--], up:8, dn:0,          !
!     !  lt:0, rt:10, th:10, np:9, ch:0, co:9A, ec:9A,    !
!     !  pr:7, su:11, nu:9)                               !
!  9A ! (E, sub:A, ftr:[+--+--+--], np:9, ch:0, co:0)     !
! 10  ! (S, up:8, dn:11, lt:9, rt:0, th:11, nu:10)        !
! 11  ! (N, lit:she, ftr:[+--+-++--], up:10, dn:0,        !
!     !  lt:0, rt:12, th:12, np:11, ch:0, co:11A, ec:11A, !
!     !  pr:9, su:12, nu:11)                              !
! 11A ! (E, sub:A, ftr:[+--+-++--], np:11, ch:0, co:0)    !
! 12  ! (N, lit:it, ftr:[+--+-?---], up:10, dn:0,         !
!     !  lt:11, rt:0, th:0, np:12, ch:0, co:12A, ec:12A,  !
!     !  pr:11, su:0, nu:12)                              !
! 12A ! (E, sub:A, ftr:[+--+-?---], np:12, ch:0, co:0)    !
!_____!___________________________________________________!

                    new_chain: exiting
                chaining_e_to_n: exiting
                chaining_e_to_n(PHIB, John)
                    agr(PHIB, John) = False
                chaining_e_to_n: exiting
                chaining_e_to_n(PHIC, John)
                    agr(PHIC, John) = False
                chaining_e_to_n: exiting
                chaining_e_to_n(PHID, John)
                    agr(PHID, John) = True
                    new_chain(PHID, John)
                        new_chain: create JohnD
                        new_chain: create JohnD^PHID

_________________________________CHAINING________________________________
!            !           !            !              !     !      !     !
! John       ! PHI       ! June       ! present      ! he  ! she  ! it  !
! JohnA      ! PHIA      ! JuneA      ! presentA     ! heA ! sheA ! itA !
! JohnB^heA  ! PHIB^itA  ! JuneB^sheA ! presentB^itA !     !      !     !
! JohnC^PHIA ! PHIC^sheA !            !              !     !      !     !
! JohnD^PHID ! PHID^heA  !            !              !     !      !     !
!____________!___________!____________!______________!_____!______!_____!

___________________________NODES___________________________
!     !                                                   !
!  1  ! (C, up:0, dn:2, lt:0, rt:0, th:2, nu:1)           !
!  2  ! (S, up:1, dn:3, lt:0, rt:8, th:3, nu:2)           !
!  3  ! (N, lit:John, ftr:[---+--+--], up:2, dn:0,        !
!     !  lt:0, rt:4, th:4, np:3, ch:0, co:3A, ec:3D,      !
!     !  pr:0, su:5, nu:3)                                !
!  3A ! (E, sub:A, ftr:[---+--+--], np:3, ch:0, co:3B)    !
!  3B ! (E, sub:B, ftr:[---+--+--], np:3, ch:9A, co:3C)   !
!  3C ! (E, sub:C, ftr:[---+--+--], np:3, ch:5A, co:3D)   !
!  3D ! (E, sub:D, ftr:[---+--+--], np:3, ch:5D, co:0)    !
!  4  ! (S, up:2, dn:5, lt:3, rt:0, th:5, nu:4)           !
!  5  ! (N, lit:PHI, ftr:[+??????--], up:4, dn:0,         !
!     !  lt:0, rt:6, th:6, np:5, ch:0, co:5A, ec:5D,      !
!     !  pr:3, su:6, nu:5)                                !
!  5A ! (E, sub:A, ftr:[+??????--], np:5, ch:0, co:5B)    !
!  5B ! (E, sub:B, ftr:[+--+-?---], np:5, ch:12A, co:5C)  !
!  5C ! (E, sub:C, ftr:[+--+-++--], np:5, ch:11A, co:5D)  !
!  5D ! (E, sub:D, ftr:[+--+--+--], np:5, ch:9A, co:0)    !
!  6  ! (N, lit:June, ftr:[---+-++--], up:4, dn:0,        !
!     !  lt:5, rt:7, th:7, np:6, ch:0, co:6A, ec:6B,      !
!     !  pr:5, su:7, nu:6)                                !
!  6A ! (E, sub:A, ftr:[---+-++--], np:6, ch:0, co:6B)    !
!  6B ! (E, sub:B, ftr:[---+-++--], np:6, ch:11A, co:0)   !
!  7  ! (N, lit:present, ftr:[---+-?---], up:4, dn:0,     !
!     !  lt:6, rt:0, th:8, np:7, ch:0, co:7A, ec:7B,      !
!     !  pr:6, su:9, nu:7)                                !
!  7A ! (E, sub:A, ftr:[---+-?---], np:7, ch:0, co:7B)    !
!  7B ! (E, sub:B, ftr:[---+-?---], np:7, ch:12A, co:0)   !
!  8  ! (S, up:1, dn:9, lt:2, rt:0, th:9, nu:8)           !
!  9  ! (N, lit:he, ftr:[+--+--+--], up:8, dn:0,          !
!     !  lt:0, rt:10, th:10, np:9, ch:0, co:9A, ec:9A,    !
!     !  pr:7, su:11, nu:9)                               !
!  9A ! (E, sub:A, ftr:[+--+--+--], np:9, ch:0, co:0)     !
! 10  ! (S, up:8, dn:11, lt:9, rt:0, th:11, nu:10)        !
! 11  ! (N, lit:she, ftr:[+--+-++--], up:10, dn:0,        !
!     !  lt:0, rt:12, th:12, np:11, ch:0, co:11A, ec:11A, !
!     !  pr:9, su:12, nu:11)                              !
! 11A ! (E, sub:A, ftr:[+--+-++--], np:11, ch:0, co:0)    !
! 12  ! (N, lit:it, ftr:[+--+-?---], up:10, dn:0,         !
!     !  lt:11, rt:0, th:0, np:12, ch:0, co:12A, ec:12A,  !
!     !  pr:11, su:0, nu:12)                              !
! 12A ! (E, sub:A, ftr:[+--+-?---], np:12, ch:0, co:0)    !
!_____!___________________________________________________!

                    new_chain: exiting
                chaining_e_to_n: exiting
            chaining_n_to_n: exiting
        non_refl_chaining: exiting
    chaining_n: exiting
chaining: exiting

___________________________NODES___________________________
!     !                                                   !
!  1  ! (C, up:0, dn:2, lt:0, rt:0, th:2, nu:1)           !
!  2  ! (S, up:1, dn:3, lt:0, rt:8, th:3, nu:2)           !
!  3  ! (N, lit:John, ftr:[---+--+--], up:2, dn:0,        !
!     !  lt:0, rt:4, th:4, np:3, ch:0, co:3A, ec:3D,      !
!     !  pr:0, su:5, nu:3)                                !
!  3A ! (E, sub:A, ftr:[---+--+--], np:3, ch:0, co:3B)    !
!  3B ! (E, sub:B, ftr:[---+--+--], np:3, ch:9A, co:3C)   !
!  3C ! (E, sub:C, ftr:[---+--+--], np:3, ch:5A, co:3D)   !
!  3D ! (E, sub:D, ftr:[---+--+--], np:3, ch:5D, co:0)    !
!  4  ! (S, up:2, dn:5, lt:3, rt:0, th:5, nu:4)           !
!  5  ! (N, lit:PHI, ftr:[+??????--], up:4, dn:0,         !
!     !  lt:0, rt:6, th:6, np:5, ch:0, co:5A, ec:5D,      !
!     !  pr:3, su:6, nu:5)                                !
!  5A ! (E, sub:A, ftr:[+??????--], np:5, ch:0, co:5B)    !
!  5B ! (E, sub:B, ftr:[+--+-?---], np:5, ch:12A, co:5C)  !
!  5C ! (E, sub:C, ftr:[+--+-++--], np:5, ch:11A, co:5D)  !
!  5D ! (E, sub:D, ftr:[+--+--+--], np:5, ch:9A, co:0)    !
!  6  ! (N, lit:June, ftr:[---+-++--], up:4, dn:0,        !
!     !  lt:5, rt:7, th:7, np:6, ch:0, co:6A, ec:6B,      !
!     !  pr:5, su:7, nu:6)                                !
!  6A ! (E, sub:A, ftr:[---+-++--], np:6, ch:0, co:6B)    !
!  6B ! (E, sub:B, ftr:[---+-++--], np:6, ch:11A, co:0)   !
!  7  ! (N, lit:present, ftr:[---+-?---], up:4, dn:0,     !
!     !  lt:6, rt:0, th:8, np:7, ch:0, co:7A, ec:7B,      !
!     !  pr:6, su:9, nu:7)                                !
!  7A ! (E, sub:A, ftr:[---+-?---], np:7, ch:0, co:7B)    !
!  7B ! (E, sub:B, ftr:[---+-?---], np:7, ch:12A, co:0)   !
!  8  ! (S, up:1, dn:9, lt:2, rt:0, th:9, nu:8)           !
!  9  ! (N, lit:he, ftr:[+--+--+--], up:8, dn:0,          !
!     !  lt:0, rt:10, th:10, np:9, ch:0, co:9A, ec:9A,    !
!     !  pr:7, su:11, nu:9)                               !
!  9A ! (E, sub:A, ftr:[+--+--+--], np:9, ch:0, co:0)     !
! 10  ! (S, up:8, dn:11, lt:9, rt:0, th:11, nu:10)        !
! 11  ! (N, lit:she, ftr:[+--+-++--], up:10, dn:0,        !
!     !  lt:0, rt:12, th:12, np:11, ch:0, co:11A, ec:11A, !
!     !  pr:9, su:12, nu:11)                              !
! 11A ! (E, sub:A, ftr:[+--+-++--], np:11, ch:0, co:0)    !
! 12  ! (N, lit:it, ftr:[+--+-?---], up:10, dn:0,         !
!     !  lt:11, rt:0, th:0, np:12, ch:0, co:12A, ec:12A,  !
!     !  pr:11, su:0, nu:12)                              !
! 12A ! (E, sub:A, ftr:[+--+-?---], np:12, ch:0, co:0)    !
!_____!___________________________________________________!

_________________________________CHAINING________________________________
!            !           !            !              !     !      !     !
! John       ! PHI       ! June       ! present      ! he  ! she  ! it  !
! JohnA      ! PHIA      ! JuneA      ! presentA     ! heA ! sheA ! itA !
! JohnB^heA  ! PHIB^itA  ! JuneB^sheA ! presentB^itA !     !      !     !
! JohnC^PHIA ! PHIC^sheA !            !              !     !      !     !
! JohnD^PHID ! PHID^heA  !            !              !     !      !     !
!____________!___________!____________!______________!_____!______!_____!

________________INTERPRETATIONS_________________
!                                              !
! JohnD^PHID^heA    JuneB^sheA    presentB^itA !
!______________________________________________!
